{
  "filters_used": [
    {
      "path": "detect_secrets.filters.allowlist.is_line_allowlisted"
    },
    {
      "filename": ".secrets.baseline",
      "path": "detect_secrets.filters.common.is_baseline_file"
    },
    {
      "min_level": 2,
      "path": "detect_secrets.filters.common.is_ignored_due_to_verification_policies"
    },
    {
      "path": "detect_secrets.filters.heuristic.is_indirect_reference"
    },
    {
      "path": "detect_secrets.filters.heuristic.is_likely_id_string"
    },
    {
      "path": "detect_secrets.filters.heuristic.is_lock_file"
    },
    {
      "path": "detect_secrets.filters.heuristic.is_not_alphanumeric_string"
    },
    {
      "path": "detect_secrets.filters.heuristic.is_potential_uuid"
    },
    {
      "path": "detect_secrets.filters.heuristic.is_prefixed_with_dollar_sign"
    },
    {
      "path": "detect_secrets.filters.heuristic.is_sequential_string"
    },
    {
      "path": "detect_secrets.filters.heuristic.is_swagger_file"
    },
    {
      "path": "detect_secrets.filters.heuristic.is_templated_secret"
    },
    {
      "path": "detect_secrets.filters.regex.should_exclude_file",
      "pattern": [
        "^(uv\\.lock|package-lock\\.json|frontend/src/content/.*|frontend/node_modules/.*|backend/\\.venv/.*|mockup/.*)$"
      ]
    }
  ],
  "generated_at": "2026-09-12T18:20:34Z",
  "plugins_used": [
    {
      "name": "ArtifactoryDetector"
    },
    {
      "name": "AWSKeyDetector"
    },
    {
      "name": "AzureStorageKeyDetector"
    },
    {
      "limit": 4.5,
      "name": "Base64HighEntropyString"
    },
    {
      "name": "BasicAuthDetector"
    },
    {
      "name": "CloudantDetector"
    },
    {
      "name": "DiscordBotTokenDetector"
    },
    {
      "name": "GitHubTokenDetector"
    },
    {
      "name": "GitLabTokenDetector"
    },
    {
      "limit": 3.0,
      "name": "HexHighEntropyString"
    },
    {
      "name": "IbmCloudIamDetector"
    },
    {
      "name": "IbmCosHmacDetector"
    },
    {
      "name": "IPPublicDetector"
    },
    {
      "name": "JwtTokenDetector"
    },
    {
      "keyword_exclude": "",
      "name": "KeywordDetector"
    },
    {
      "name": "MailchimpDetector"
    },
    {
      "name": "NpmDetector"
    },
    {
      "name": "OpenAIDetector"
    },
    {
      "name": "PrivateKeyDetector"
    },
    {
      "name": "PypiTokenDetector"
    },
    {
      "name": "SendGridDetector"
    },
    {
      "name": "SlackDetector"
    },
    {
      "name": "SoftlayerDetector"
    },
    {
      "name": "SquareOAuthDetector"
    },
    {
      "name": "StripeDetector"
    },
    {
      "name": "TelegramBotTokenDetector"
    },
    {
      "name": "TwilioKeyDetector"
    }
  ],
  "results": {
    ".github/workflows/ci.yml": [
      {
        "filename": ".github/workflows/ci.yml",
        "hashed_secret": "a94a8fe5ccb19ba61c4c0873d391e987982fbbd3",
        "is_secret": false,
        "is_verified": false,
        "line_number": 57,
        "type": "Secret Keyword"
      }
    ],
    "backend/tests/conftest.py": [
      {
        "filename": "backend/tests/conftest.py",
        "hashed_secret": "3a48b39bbae967950b2c192a8a1e7245df5e094c",
        "is_secret": false,
        "is_verified": false,
        "line_number": 21,
        "type": "Secret Keyword"
      }
    ],
    "backend/tests/test_config.py": [
      {
        "filename": "backend/tests/test_config.py",
        "hashed_secret": "fef341f85d87439e7d91a2d465b9871ef66b5e98",
        "is_secret": false,
        "is_verified": false,
        "line_number": 9,
        "type": "Secret Keyword"
      },
      {
        "filename": "backend/tests/test_config.py",
        "hashed_secret": "fef341f85d87439e7d91a2d465b9871ef66b5e98",
        "is_secret": false,
        "is_verified": false,
        "line_number": 14,
        "type": "Basic Auth Credentials"
      },
      {
        "filename": "backend/tests/test_config.py",
        "hashed_secret": "67f994533a5d976eed69aeae05e381bf6fa851e8",
        "is_secret": false,
        "is_verified": false,
        "line_number": 22,
        "type": "Secret Keyword"
      }
    ]
  },
  "version": "1.5.0"
}
